ERC report (2026-10-01T14:12:30, Encoding UTF8)
Report includes: Errors, Warnings

***** Sheet /
[power_pin_not_driven]: Input Power pin not driven by any Output Power pins
    ; error
    @(24.13 mm, 24.13 mm): Symbol #PWR0101 Pin 1 [Power input, Line]
[power_pin_not_driven]: Input Power pin not driven by any Output Power pins
    ; error
    @(26.67 mm, 24.13 mm): Symbol #PWR0103 Pin 1 [Power input, Line]
[power_pin_not_driven]: Input Power pin not driven by any Output Power pins
    ; error
    @(29.21 mm, 24.13 mm): Symbol #PWR0102 Pin 1 [Power input, Line]
[power_pin_not_driven]: Input Power pin not driven by any Output Power pins
    ; error
    @(29.21 mm, 72.39 mm): Symbol #PWR0104 Pin 1 [Power input, Line]
[isolated_pin_label]: Label connected to only one pin
    ; warning
    @(16.51 mm, 26.67 mm): Label '*D13'
[isolated_pin_label]: Label connected to only one pin
    ; warning
    @(16.51 mm, 31.75 mm): Label 'AREF'
[isolated_pin_label]: Label connected to only one pin
    ; warning
    @(16.51 mm, 34.29 mm): Label 'A0'
[isolated_pin_label]: Label connected to only one pin
    ; warning
    @(16.51 mm, 36.83 mm): Label 'A1'
[isolated_pin_label]: Label connected to only one pin
    ; warning
    @(16.51 mm, 39.37 mm): Label 'A2'
[isolated_pin_label]: Label connected to only one pin
    ; warning
    @(16.51 mm, 41.91 mm): Label 'A3'
[isolated_pin_label]: Label connected to only one pin
    ; warning
    @(16.51 mm, 44.45 mm): Label 'A4'
[isolated_pin_label]: Label connected to only one pin
    ; warning
    @(16.51 mm, 46.99 mm): Label 'A5'
[isolated_pin_label]: Label connected to only one pin
    ; warning
    @(16.51 mm, 64.77 mm): Label 'D14/MISO'
[isolated_pin_label]: Label connected to only one pin
    ; warning
    @(16.51 mm, 67.31 mm): Label 'D15/SCK'
[isolated_pin_label]: Label connected to only one pin
    ; warning
    @(67.31 mm, 26.67 mm): Label 'D12'
[isolated_pin_label]: Label connected to only one pin
    ; warning
    @(67.31 mm, 29.21 mm): Label '*D11'
[isolated_pin_label]: Label connected to only one pin
    ; warning
    @(67.31 mm, 31.75 mm): Label '*D10'
[isolated_pin_label]: Label connected to only one pin
    ; warning
    @(67.31 mm, 34.29 mm): Label '*D9'
[isolated_pin_label]: Label connected to only one pin
    ; warning
    @(67.31 mm, 36.83 mm): Label 'D8'
[isolated_pin_label]: Label connected to only one pin
    ; warning
    @(67.31 mm, 39.37 mm): Label 'D7'
[isolated_pin_label]: Label connected to only one pin
    ; warning
    @(67.31 mm, 41.91 mm): Label '*D6'
[isolated_pin_label]: Label connected to only one pin
    ; warning
    @(67.31 mm, 44.45 mm): Label '*D5'
[isolated_pin_label]: Label connected to only one pin
    ; warning
    @(67.31 mm, 46.99 mm): Label 'D4'
[isolated_pin_label]: Label connected to only one pin
    ; warning
    @(67.31 mm, 49.53 mm): Label '*D3/SCL'
[isolated_pin_label]: Label connected to only one pin
    ; warning
    @(67.31 mm, 52.07 mm): Label 'D2/SDA'
[isolated_pin_label]: Label connected to only one pin
    ; warning
    @(67.31 mm, 59.69 mm): Label 'D0/RX'
[isolated_pin_label]: Label connected to only one pin
    ; warning
    @(67.31 mm, 62.23 mm): Label 'D1/TX'
[isolated_pin_label]: Label connected to only one pin
    ; warning
    @(67.31 mm, 64.77 mm): Label 'D17/SS'
[isolated_pin_label]: Label connected to only one pin
    ; warning
    @(67.31 mm, 67.31 mm): Label 'D16/MOSI'

 ** ERC messages: 29  Errors 4  Warnings 25

 ** Ignored checks:
    - Global label only appears once in the schematic
    - Four connection points are joined together
    - Assigned footprint doesn't match footprint filters
