** Drc report for flowio-p1.kicad_pcb **
** Created on 2026-10-01T17:58:34 **
** Report includes: Errors, Warnings **

** Found 118 DRC violations **
[clearance]: 间距违规 ( 间距 0.2000 mm; 实际 0.0084 mm)
    Local override; error
    @(26.9966 mm, 32.2990 mm): Via [GND] on F.Cu - B.Cu
    @(25.6999 mm, 33.5000 mm): Pad 2 [DC_IN] of D1 on F.Cu
[clearance]: 间距违规 ( 间距 0.2000 mm; 实际 0.1767 mm)
    Local override; error
    @(88.1500 mm, 5.5000 mm): Pad A5 [CC1] of J2 on F.Cu
    @(89.0267 mm, 4.5000 mm): Track [USB_VBUS] on F.Cu, length 3.0000 mm
[clearance]: 间距违规 ( 间距 0.2000 mm; 实际 0.1001 mm)
    Local override; error
    @(47.5000 mm, 31.0000 mm): Pad 1 [I2C_SCL] of TP8 on F.Cu
    @(48.5001 mm, 30.7490 mm): Pad 1 [LED_USER] of LED3 on F.Cu
[hole_clearance]: 孔间距违规 (<电路板配置> 中的 "孔" 约束 间距 0.2500 mm; 实际 0.1834 mm)
    Rule: <电路板配置> 中的 "孔" 约束; error
    @(25.6999 mm, 33.5000 mm): Pad 2 [DC_IN] of D1 on F.Cu
    @(26.9966 mm, 32.2990 mm): Via [GND] on F.Cu - B.Cu
[courtyards_overlap]: Courtyards overlap
    Rule: <电路板配置> 中的 "元件外框" 约束; error
    @(48.5000 mm, 43.0000 mm): Footprint D3
    @(51.5000 mm, 44.5000 mm): Footprint R5
[courtyards_overlap]: Courtyards overlap
    Rule: <电路板配置> 中的 "元件外框" 约束; error
    @(48.5000 mm, 43.0000 mm): Footprint D3
    @(39.5000 mm, 43.0000 mm): Footprint L1
[courtyards_overlap]: Courtyards overlap
    Rule: <电路板配置> 中的 "元件外框" 约束; error
    @(72.5000 mm, 68.5000 mm): Footprint J16
    @(68.0000 mm, 65.0000 mm): Footprint HD
[npth_inside_courtyard]: NPTH inside courtyard
    Local override; error
    @(68.0000 mm, 65.0000 mm): NPTH pad of HD
    @(72.5000 mm, 68.5000 mm): Footprint J16
[pth_inside_courtyard]: PTH inside courtyard
    Local override; error
    @(69.9600 mm, 68.5000 mm): PTH pad 2 [DRV7] of J16
    @(68.0000 mm, 65.0000 mm): Footprint HD
[courtyards_overlap]: Courtyards overlap
    Rule: <电路板配置> 中的 "元件外框" 约束; error
    @(72.5000 mm, 68.5000 mm): Footprint J16
    @(61.5000 mm, 68.5000 mm): Footprint J15
[courtyards_overlap]: Courtyards overlap
    Rule: <电路板配置> 中的 "元件外框" 约束; error
    @(72.5000 mm, 68.5000 mm): Footprint J16
    @(83.5000 mm, 68.5000 mm): Footprint J17
[courtyards_overlap]: Courtyards overlap
    Rule: <电路板配置> 中的 "元件外框" 约束; error
    @(81.1000 mm, 60.5000 mm): Footprint Q10
    @(85.9000 mm, 60.5000 mm): Footprint D11
[courtyards_overlap]: Courtyards overlap
    Rule: <电路板配置> 中的 "元件外框" 约束; error
    @(24.0000 mm, 31.0000 mm): Footprint R13
    @(23.5000 mm, 33.5000 mm): Footprint D1
[courtyards_overlap]: Courtyards overlap
    Rule: <电路板配置> 中的 "元件外框" 约束; error
    @(56.0000 mm, 40.0000 mm): Footprint C7
    @(56.0000 mm, 45.5000 mm): Footprint C8
[courtyards_overlap]: Courtyards overlap
    Rule: <电路板配置> 中的 "元件外框" 约束; error
    @(86.0000 mm, 6.0000 mm): Footprint J2
    @(86.0000 mm, 13.0000 mm): Footprint HC
[pth_inside_courtyard]: PTH inside courtyard
    Local override; error
    @(87.9000 mm, 10.3200 mm): PTH pad 7 [GND] of J2
    @(86.0000 mm, 13.0000 mm): Footprint HC
[pth_inside_courtyard]: PTH inside courtyard
    Local override; error
    @(84.1000 mm, 10.3200 mm): PTH pad 7 [GND] of J2
    @(86.0000 mm, 13.0000 mm): Footprint HC
[courtyards_overlap]: Courtyards overlap
    Rule: <电路板配置> 中的 "元件外框" 约束; error
    @(69.5000 mm, 44.0000 mm): Footprint LED5
    @(74.0000 mm, 44.0000 mm): Footprint U2
[courtyards_overlap]: Courtyards overlap
    Rule: <电路板配置> 中的 "元件外框" 约束; error
    @(4.0000 mm, 4.0000 mm): Footprint HA
    @(9.0000 mm, 8.5000 mm): Footprint SW1
[courtyards_overlap]: Courtyards overlap
    Rule: <电路板配置> 中的 "元件外框" 约束; error
    @(52.9000 mm, 60.5000 mm): Footprint D8
    @(48.1000 mm, 60.5000 mm): Footprint Q7
[courtyards_overlap]: Courtyards overlap
    Rule: <电路板配置> 中的 "元件外框" 约束; error
    @(52.9000 mm, 60.5000 mm): Footprint D8
    @(56.5000 mm, 57.5000 mm): Footprint R28
[courtyards_overlap]: Courtyards overlap
    Rule: <电路板配置> 中的 "元件外框" 约束; error
    @(28.5000 mm, 31.0000 mm): Footprint R14
    @(23.5000 mm, 33.5000 mm): Footprint D1
[courtyards_overlap]: Courtyards overlap
    Rule: <电路板配置> 中的 "元件外框" 约束; error
    @(39.5000 mm, 68.5000 mm): Footprint J13
    @(50.5000 mm, 68.5000 mm): Footprint J14
[courtyards_overlap]: Courtyards overlap
    Rule: <电路板配置> 中的 "元件外框" 约束; error
    @(39.5000 mm, 68.5000 mm): Footprint J13
    @(28.5000 mm, 68.5000 mm): Footprint J12
[courtyards_overlap]: Courtyards overlap
    Rule: <电路板配置> 中的 "元件外框" 约束; error
    @(69.5000 mm, 28.5000 mm): Footprint Q12
    @(66.5000 mm, 26.0000 mm): Footprint R22
[courtyards_overlap]: Courtyards overlap
    Rule: <电路板配置> 中的 "元件外框" 约束; error
    @(59.1000 mm, 60.5000 mm): Footprint Q8
    @(56.5000 mm, 57.5000 mm): Footprint R28
[courtyards_overlap]: Courtyards overlap
    Rule: <电路板配置> 中的 "元件外框" 约束; error
    @(59.1000 mm, 60.5000 mm): Footprint Q8
    @(63.9000 mm, 60.5000 mm): Footprint D9
[courtyards_overlap]: Courtyards overlap
    Rule: <电路板配置> 中的 "元件外框" 约束; error
    @(15.1000 mm, 60.5000 mm): Footprint Q4
    @(19.9000 mm, 60.5000 mm): Footprint D5
[courtyards_overlap]: Courtyards overlap
    Rule: <电路板配置> 中的 "元件外框" 约束; error
    @(30.9000 mm, 60.5000 mm): Footprint D6
    @(26.1000 mm, 60.5000 mm): Footprint Q5
[courtyards_overlap]: Courtyards overlap
    Rule: <电路板配置> 中的 "元件外框" 约束; error
    @(50.5000 mm, 68.5000 mm): Footprint J14
    @(61.5000 mm, 68.5000 mm): Footprint J15
[courtyards_overlap]: Courtyards overlap
    Rule: <电路板配置> 中的 "元件外框" 约束; error
    @(3.0000 mm, 37.0000 mm): Footprint HB
    @(5.0000 mm, 46.0000 mm): Footprint J8
[courtyards_overlap]: Courtyards overlap
    Rule: <电路板配置> 中的 "元件外框" 约束; error
    @(68.0000 mm, 65.0000 mm): Footprint HD
    @(61.5000 mm, 68.5000 mm): Footprint J15
[npth_inside_courtyard]: NPTH inside courtyard
    Local override; error
    @(68.0000 mm, 65.0000 mm): NPTH pad of HD
    @(61.5000 mm, 68.5000 mm): Footprint J15
[courtyards_overlap]: Courtyards overlap
    Rule: <电路板配置> 中的 "元件外框" 约束; error
    @(68.0000 mm, 65.0000 mm): Footprint HD
    @(70.1000 mm, 60.5000 mm): Footprint Q9
[courtyards_overlap]: Courtyards overlap
    Rule: <电路板配置> 中的 "元件外框" 约束; error
    @(68.0000 mm, 65.0000 mm): Footprint HD
    @(63.9000 mm, 60.5000 mm): Footprint D9
[courtyards_overlap]: Courtyards overlap
    Rule: <电路板配置> 中的 "元件外框" 约束; error
    @(66.5000 mm, 22.0000 mm): Footprint R20
    @(69.5000 mm, 23.5000 mm): Footprint Q11
[courtyards_overlap]: Courtyards overlap
    Rule: <电路板配置> 中的 "元件外框" 约束; error
    @(17.5000 mm, 68.5000 mm): Footprint J11
    @(28.5000 mm, 68.5000 mm): Footprint J12
[courtyards_overlap]: Courtyards overlap
    Rule: <电路板配置> 中的 "元件外框" 约束; error
    @(17.5000 mm, 68.5000 mm): Footprint J11
    @(6.5000 mm, 68.5000 mm): Footprint J10
[courtyards_overlap]: Courtyards overlap
    Rule: <电路板配置> 中的 "元件外框" 约束; error
    @(17.5000 mm, 68.5000 mm): Footprint J11
    @(12.0000 mm, 63.5000 mm): Footprint TP9
[courtyards_overlap]: Courtyards overlap
    Rule: <电路板配置> 中的 "元件外框" 约束; error
    @(17.0000 mm, 24.0000 mm): Footprint C17
    @(28.0000 mm, 16.5000 mm): Footprint U1
[courtyards_overlap]: Courtyards overlap
    Rule: <电路板配置> 中的 "元件外框" 约束; error
    @(4.1000 mm, 60.5000 mm): Footprint Q3
    @(8.9000 mm, 60.5000 mm): Footprint D4
[courtyards_overlap]: Courtyards overlap
    Rule: <电路板配置> 中的 "元件外框" 约束; error
    @(74.0000 mm, 44.0000 mm): Footprint U2
    @(69.5000 mm, 48.5000 mm): Footprint R26
[courtyards_overlap]: Courtyards overlap
    Rule: <电路板配置> 中的 "元件外框" 约束; error
    @(74.0000 mm, 44.0000 mm): Footprint U2
    @(69.5000 mm, 39.0000 mm): Footprint R25
[courtyards_overlap]: Courtyards overlap
    Rule: <电路板配置> 中的 "元件外框" 约束; error
    @(86.5000 mm, 32.5000 mm): Footprint J6
    @(86.5000 mm, 22.0000 mm): Footprint J5
[pth_inside_courtyard]: PTH inside courtyard
    Local override; error
    @(86.4999 mm, 25.8100 mm): PTH pad 4 [S1_SCL] of J5
    @(86.5000 mm, 32.5000 mm): Footprint J6
[pth_inside_courtyard]: PTH inside courtyard
    Local override; error
    @(86.5001 mm, 28.6900 mm): PTH pad 1 [+3V3] of J6
    @(86.5000 mm, 22.0000 mm): Footprint J5
[courtyards_overlap]: Courtyards overlap
    Rule: <电路板配置> 中的 "元件外框" 约束; error
    @(81.5000 mm, 57.5000 mm): Footprint TP5
    @(81.1000 mm, 55.5000 mm): Footprint R46
[courtyards_overlap]: Courtyards overlap
    Rule: <电路板配置> 中的 "元件外框" 约束; error
    @(66.5000 mm, 26.0000 mm): Footprint R22
    @(69.5000 mm, 23.5000 mm): Footprint Q11
[courtyards_overlap]: Courtyards overlap
    Rule: <电路板配置> 中的 "元件外框" 约束; error
    @(86.0000 mm, 13.0000 mm): Footprint HC
    @(86.5000 mm, 22.0000 mm): Footprint J5
[courtyards_overlap]: Courtyards overlap
    Rule: <电路板配置> 中的 "元件外框" 约束; error
    @(74.9000 mm, 60.5000 mm): Footprint D10
    @(70.1000 mm, 60.5000 mm): Footprint Q9
[courtyards_overlap]: Courtyards overlap
    Rule: <电路板配置> 中的 "元件外框" 约束; error
    @(37.1000 mm, 60.5000 mm): Footprint Q6
    @(41.9000 mm, 60.5000 mm): Footprint D7
[courtyards_overlap]: Courtyards overlap
    Rule: <电路板配置> 中的 "元件外框" 约束; error
    @(47.5000 mm, 31.0000 mm): Footprint TP8
    @(48.5000 mm, 30.0000 mm): Footprint LED3
[courtyards_overlap]: Courtyards overlap
    Rule: <电路板配置> 中的 "元件外框" 约束; error
    @(19.9000 mm, 60.5000 mm): Footprint D5
    @(23.5000 mm, 59.5000 mm): Footprint TP10
[courtyards_overlap]: Courtyards overlap
    Rule: <电路板配置> 中的 "元件外框" 约束; error
    @(26.1000 mm, 60.5000 mm): Footprint Q5
    @(23.5000 mm, 59.5000 mm): Footprint TP10
[courtyards_overlap]: Courtyards overlap
    Rule: <电路板配置> 中的 "元件外框" 约束; error
    @(6.5000 mm, 68.5000 mm): Footprint J10
    @(12.0000 mm, 63.5000 mm): Footprint TP9
[via_dangling]: Via is not connected or connected on only one layer
    Local override; warning
    @(88.0001 mm, 28.6900 mm): Via [+3V3] on F.Cu - B.Cu
[silk_edge_clearance]: Silkscreen clipped by board edge
    Local override; warning
    @(90.0000 mm, 0.0000 mm): Segment on Edge.Cuts
    @(90.6000 mm, 6.0000 mm): Reference field of J2
[silk_edge_clearance]: Silkscreen clipped by board edge
    Local override; warning
    @(0.0000 mm, 0.0000 mm): Segment on Edge.Cuts
    @(4.0000 mm, -0.1500 mm): Reference field of HA
[silk_edge_clearance]: Silkscreen clipped by board edge
    Local override; warning
    @(0.0000 mm, 0.0000 mm): Segment on Edge.Cuts
    @(19.0000 mm, -0.0450 mm): Segment of U1 on F.Silkscreen
[silk_edge_clearance]: Silkscreen clipped by board edge
    Local override; warning
    @(0.0000 mm, 0.0000 mm): Segment on Edge.Cuts
    @(37.0000 mm, -0.0450 mm): Segment of U1 on F.Silkscreen
[silk_edge_clearance]: Silkscreen clipped by board edge
    Local override; warning
    @(0.0000 mm, 0.0000 mm): Segment on Edge.Cuts
    @(37.0170 mm, 6.7739 mm): Segment of U1 on F.Silkscreen
[silk_edge_clearance]: Silkscreen clipped by board edge
    Local override; warning
    @(0.0000 mm, 75.0000 mm): Segment on Edge.Cuts
    @(-0.2600 mm, 46.0000 mm): Reference field of J8
[silk_over_copper]: Silkscreen clipped by solder mask
    Local override; warning
    @(67.4200 mm, 63.9775 mm): Segment of J16 on F.Silkscreen
    @(68.0000 mm, 65.0000 mm): NPTH pad of HD
[silk_over_copper]: Silkscreen clipped by solder mask
    Local override; warning
    @(67.4200 mm, 63.9775 mm): Segment of J16 on F.Silkscreen
    @(68.0000 mm, 65.0000 mm): NPTH pad of HD
[silk_over_copper]: Silkscreen clipped by solder mask
    Local override; warning
    @(66.5800 mm, 65.4999 mm): Segment of J15 on F.Silkscreen
    @(68.0000 mm, 65.0000 mm): NPTH pad of HD
[silk_over_copper]: Silkscreen clipped by solder mask
    Local override; warning
    @(67.1800 mm, 64.7500 mm): Segment of J15 on F.Silkscreen
    @(68.0000 mm, 65.0000 mm): NPTH pad of HD
[silk_over_copper]: Silkscreen clipped by solder mask
    Local override; warning
    @(67.1800 mm, 65.7500 mm): Segment of J15 on F.Silkscreen
    @(68.0000 mm, 65.0000 mm): NPTH pad of HD
[silk_over_copper]: Silkscreen clipped by solder mask
    Local override; warning
    @(67.0100 mm, 48.5000 mm): Reference field of R26
    @(66.0000 mm, 49.9534 mm): Pad 1 [+3V3] of R38 on F.Cu
[silk_over_copper]: Silkscreen clipped by solder mask
    Local override; warning
    @(66.9200 mm, 44.0000 mm): Reference field of LED5
    @(66.0000 mm, 43.6466 mm): Pad 2 [S4_SCL] of R37 on F.Cu
[silk_over_copper]: Silkscreen clipped by solder mask
    Local override; warning
    @(70.1606 mm, 40.3851 mm): Segment of R25 on F.Silkscreen
    @(70.4252 mm, 40.9774 mm): Pad 24 [+3V3] of U2 on F.Cu
[silk_over_copper]: Silkscreen clipped by solder mask
    Local override; warning
    @(67.0100 mm, 39.0000 mm): Reference field of R25
    @(66.0000 mm, 40.3534 mm): Pad 1 [+3V3] of R36 on F.Cu
[silk_over_copper]: Silkscreen clipped by solder mask
    Local override; warning
    @(66.9200 mm, 44.0000 mm): Reference field of LED5
    @(66.0000 mm, 45.1534 mm): Pad 1 [+3V3] of R37 on F.Cu
[silk_over_copper]: Silkscreen clipped by solder mask
    Local override; warning
    @(70.1606 mm, 47.1149 mm): Segment of R26 on F.Silkscreen
    @(70.4252 mm, 47.0226 mm): Pad 1 [GND] of U2 on F.Cu
[silk_over_copper]: Silkscreen clipped by solder mask
    Local override; warning
    @(70.1606 mm, 48.0738 mm): Segment of R26 on F.Silkscreen
    @(70.4252 mm, 47.0226 mm): Pad 1 [GND] of U2 on F.Cu
[silk_over_copper]: Silkscreen clipped by solder mask
    Local override; warning
    @(67.0100 mm, 48.5000 mm): Reference field of R26
    @(66.0000 mm, 48.4466 mm): Pad 2 [S5_SCL] of R38 on F.Cu
[silk_over_copper]: Silkscreen clipped by solder mask
    Local override; warning
    @(81.1000 mm, 57.1500 mm): Reference field of Q10
    @(81.5000 mm, 57.5000 mm): Pad 1 [GND] of TP5 on F.Cu
[silk_over_copper]: Silkscreen clipped by solder mask
    Local override; warning
    @(78.6100 mm, 55.5000 mm): Reference field of R46
    @(78.5000 mm, 55.7250 mm): Pad 2 [GND] of C16 on F.Cu
[silk_over_copper]: Silkscreen clipped by solder mask
    Local override; warning
    @(81.1000 mm, 57.1500 mm): Reference field of Q10
    @(81.1000 mm, 56.2534 mm): Pad 1 [IO21] of R46 on F.Cu
[silk_over_copper]: Silkscreen clipped by solder mask
    Local override; warning
    @(81.5000 mm, 56.0520 mm): Reference field of TP5
    @(81.1000 mm, 56.2534 mm): Pad 1 [IO21] of R46 on F.Cu
[silk_over_copper]: Silkscreen clipped by solder mask
    Local override; warning
    @(70.1000 mm, 57.1500 mm): Reference field of Q9
    @(70.1000 mm, 56.2534 mm): Pad 1 [IO12] of R45 on F.Cu
[silk_over_copper]: Silkscreen clipped by solder mask
    Local override; warning
    @(68.0000 mm, 60.8500 mm): Reference field of HD
    @(69.1000 mm, 60.5000 mm): Pad 3 [DRV7] of Q9 on F.Cu
[silk_over_copper]: Silkscreen clipped by solder mask
    Local override; warning
    @(59.5100 mm, 30.0000 mm): Reference field of R29
    @(58.5000 mm, 29.7501 mm): Pad 2 [LED_PWR_K] of LED2 on F.Cu
[silk_over_copper]: Silkscreen clipped by solder mask
    Local override; warning
    @(46.0100 mm, 35.0000 mm): Reference field of R24
    @(46.5000 mm, 33.7466 mm): Pad 2 [BTN_USER] of R27 on F.Cu
[silk_over_copper]: Silkscreen clipped by solder mask
    Local override; warning
    @(46.0100 mm, 35.0000 mm): Reference field of R24
    @(46.5000 mm, 35.2534 mm): Pad 1 [+3V3] of R27 on F.Cu
[silk_over_copper]: Silkscreen clipped by solder mask
    Local override; warning
    @(47.5000 mm, 29.5520 mm): Reference field of TP8
    @(48.4999 mm, 29.2510 mm): Pad 2 [LED_USER_K] of LED3 on F.Cu
[silk_over_copper]: Silkscreen clipped by solder mask
    Local override; warning
    @(47.5000 mm, 31.0000 mm): Circle of TP8 on F.Silkscreen
    @(48.5001 mm, 30.7490 mm): Pad 1 [LED_USER] of LED3 on F.Cu
[silk_over_copper]: Silkscreen clipped by solder mask
    Local override; warning
    @(47.7457 mm, 30.1395 mm): Segment of LED3 on F.Silkscreen
    @(47.5000 mm, 31.0000 mm): Pad 1 [I2C_SCL] of TP8 on F.Cu
[silk_over_copper]: Silkscreen clipped by solder mask
    Local override; warning
    @(48.0457 mm, 31.4896 mm): Segment of LED3 on F.Silkscreen
    @(47.5000 mm, 31.0000 mm): Pad 1 [I2C_SCL] of TP8 on F.Cu
[silk_over_copper]: Silkscreen clipped by solder mask
    Local override; warning
    @(59.5100 mm, 34.8000 mm): Reference field of R30
    @(58.5000 mm, 34.2534 mm): Pad 1 [LED_PWR_K] of R23 on F.Cu
[silk_over_copper]: Silkscreen clipped by solder mask
    Local override; warning
    @(30.0000 mm, 30.5800 mm): Reference field of C1
    @(29.2534 mm, 31.0000 mm): Pad 2 [STRAP3] of R14 on F.Cu
[silk_over_copper]: Silkscreen clipped by solder mask
    Local override; warning
    @(25.0000 mm, 39.5700 mm): Reference field of U3
    @(26.1999 mm, 38.5000 mm): Pad 2 [USB_VBUS] of D2 on F.Cu
[silk_over_copper]: Silkscreen clipped by solder mask
    Local override; warning
    @(27.5000 mm, 49.0700 mm): Reference field of C4
    @(26.9050 mm, 47.7051 mm): Pad 4 [BUCK_SS] of U3 on F.Cu
[silk_over_copper]: Silkscreen clipped by solder mask
    Local override; warning
    @(23.0000 mm, 49.0700 mm): Reference field of C3
    @(23.0950 mm, 47.7051 mm): Pad 1 [BOOT] of U3 on F.Cu
[silk_over_copper]: Silkscreen clipped by solder mask
    Local override; warning
    @(51.0933 mm, 44.1756 mm): Segment of D3 on F.Silkscreen
    @(51.5000 mm, 43.7466 mm): Pad 2 [GND] of R5 on F.Cu
[silk_over_copper]: Silkscreen clipped by solder mask
    Local override; warning
    @(23.5000 mm, 30.2400 mm): Reference field of D1
    @(23.2466 mm, 31.0000 mm): Pad 1 [+3V3] of R13 on F.Cu
[silk_over_copper]: Silkscreen clipped by solder mask
    Local override; warning
    @(23.5000 mm, 30.2400 mm): Reference field of D1
    @(24.7534 mm, 31.0000 mm): Pad 2 [BOOT] of R13 on F.Cu
[silk_over_copper]: Silkscreen clipped by solder mask
    Local override; warning
    @(76.0100 mm, 14.0000 mm): Reference field of R2
    @(75.4500 mm, 13.1491 mm): Pad 3 [USB_DN] of U5 on F.Cu
[silk_over_copper]: Silkscreen clipped by solder mask
    Local override; warning
    @(86.3422 mm, 26.2520 mm): Segment of J6 on F.Silkscreen
    @(86.4999 mm, 25.8100 mm): PTH pad 4 [S1_SCL] of J5
[silk_over_copper]: Silkscreen clipped by solder mask
    Local override; warning
    @(86.3499 mm, 27.5899 mm): Segment of J5 on F.Silkscreen
    @(86.5001 mm, 28.6900 mm): PTH pad 1 [+3V3] of J6
[silk_over_copper]: Silkscreen clipped by solder mask
    Local override; warning
    @(84.1503 mm, 26.2500 mm): Segment of J6 on F.Silkscreen
    @(86.4999 mm, 25.8100 mm): PTH pad 4 [S1_SCL] of J5
[silk_over_copper]: Silkscreen clipped by solder mask
    Local override; warning
    @(89.8501 mm, 28.2499 mm): Segment of J5 on F.Silkscreen
    @(86.5001 mm, 28.6900 mm): PTH pad 1 [+3V3] of J6
[silk_over_copper]: Silkscreen clipped by solder mask
    Local override; warning
    @(76.0100 mm, 10.0000 mm): Reference field of R1
    @(75.4500 mm, 10.8509 mm): Pad 4 [USB_DN] of U5 on F.Cu
[silk_over_copper]: Silkscreen clipped by solder mask
    Local override; warning
    @(69.5000 mm, 25.1200 mm): Reference field of Q12
    @(70.4637 mm, 24.4500 mm): Pad 1 [DTR_R] of Q11 on F.Cu
[silk_over_copper]: Silkscreen clipped by solder mask
    Local override; warning
    @(55.9200 mm, 29.0000 mm): Reference field of LED2
    @(55.2534 mm, 27.0000 mm): Pad 2 [I2C_SCL] of R9 on F.Cu
[silk_over_copper]: Silkscreen clipped by solder mask
    Local override; warning
    @(66.9200 mm, 34.0000 mm): Reference field of LED4
    @(66.0000 mm, 34.0466 mm): Pad 2 [S2_SCL] of R35 on F.Cu
[silk_over_copper]: Silkscreen clipped by solder mask
    Local override; warning
    @(67.0100 mm, 39.0000 mm): Reference field of R25
    @(66.0000 mm, 38.8466 mm): Pad 2 [S3_SCL] of R36 on F.Cu
[silk_over_copper]: Silkscreen clipped by solder mask
    Local override; warning
    @(70.1606 mm, 39.4262 mm): Segment of R25 on F.Silkscreen
    @(70.4252 mm, 40.9774 mm): Pad 24 [+3V3] of U2 on F.Cu
[silk_over_copper]: Silkscreen clipped by solder mask
    Local override; warning
    @(66.9200 mm, 34.0000 mm): Reference field of LED4
    @(66.0000 mm, 35.5534 mm): Pad 1 [+3V3] of R35 on F.Cu
[silk_over_copper]: Silkscreen clipped by solder mask
    Local override; warning
    @(66.5800 mm, 63.9801 mm): Segment of J15 on F.Silkscreen
    @(68.0000 mm, 65.0000 mm): NPTH pad of HD
[silk_over_copper]: Silkscreen clipped by solder mask
    Local override; warning
    @(56.6100 mm, 55.5000 mm): Reference field of R44
    @(56.5000 mm, 56.7466 mm): Pad 2 [TCA_RST] of R28 on F.Cu
[silk_over_copper]: Silkscreen clipped by solder mask
    Local override; warning
    @(59.1000 mm, 57.1500 mm): Reference field of Q8
    @(59.1000 mm, 56.2534 mm): Pad 1 [IO11] of R44 on F.Cu
[silk_over_copper]: Silkscreen clipped by solder mask
    Local override; warning
    @(50.8394 mm, 43.1149 mm): Segment of R5 on F.Silkscreen
    @(50.6999 mm, 43.0000 mm): Pad 2 [GND] of D3 on F.Cu
[silk_over_copper]: Silkscreen clipped by solder mask
    Local override; warning
    @(52.1606 mm, 43.1149 mm): Segment of R5 on F.Silkscreen
    @(50.6999 mm, 43.0000 mm): Pad 2 [GND] of D3 on F.Cu
[silk_over_copper]: Silkscreen clipped by solder mask
    Local override; warning
    @(48.1000 mm, 57.1500 mm): Reference field of Q7
    @(48.1000 mm, 56.2534 mm): Pad 1 [IO10] of R43 on F.Cu
[silk_over_copper]: Silkscreen clipped by solder mask
    Local override; warning
    @(37.1000 mm, 57.1500 mm): Reference field of Q6
    @(37.1000 mm, 56.2534 mm): Pad 1 [IO7] of R42 on F.Cu
[silk_over_copper]: Silkscreen clipped by solder mask
    Local override; warning
    @(15.1000 mm, 57.1500 mm): Reference field of Q4
    @(15.1000 mm, 56.2534 mm): Pad 1 [IO5] of R40 on F.Cu
[silk_over_copper]: Silkscreen clipped by solder mask
    Local override; warning
    @(4.1000 mm, 57.1500 mm): Reference field of Q3
    @(4.1000 mm, 56.2534 mm): Pad 1 [IO4] of R39 on F.Cu
[silk_over_copper]: Silkscreen clipped by solder mask
    Local override; warning
    @(26.1000 mm, 57.1500 mm): Reference field of Q5
    @(26.1000 mm, 56.2534 mm): Pad 1 [IO6] of R41 on F.Cu

** Found 16 unconnected pads **
[unconnected_items]: Missing connection between items
    Local override; error
    @(0.8000 mm, 0.8000 mm): Zone [+3V3] on In2.Cu, priority 0
    @(19.7000 mm, 21.5000 mm): Zone [+3V3] on In2.Cu, priority 0
[unconnected_items]: Missing connection between items
    Local override; error
    @(19.7000 mm, 21.5000 mm): Zone [+3V3] on In2.Cu, priority 0
    @(19.7000 mm, 21.5000 mm): Zone [+3V3] on In2.Cu, priority 0
[unconnected_items]: Missing connection between items
    Local override; error
    @(54.7250 mm, 17.5000 mm): Pad 1 [+3V3] of C13 on F.Cu
    @(49.7991 mm, 17.2500 mm): Via [+3V3] on F.Cu - B.Cu
[unconnected_items]: Missing connection between items
    Local override; error
    @(58.5000 mm, 21.5000 mm): Track [+3V3] on F.Cu, length 1.5000 mm
    @(54.7250 mm, 17.5000 mm): Track [+3V3] on F.Cu, length 2.1000 mm
[unconnected_items]: Missing connection between items
    Local override; error
    @(62.0000 mm, 30.7534 mm): Pad 1 [+3V3] of R29 on F.Cu
    @(60.0000 mm, 28.2499 mm): Via [+3V3] on F.Cu - B.Cu
[unconnected_items]: Missing connection between items
    Local override; error
    @(79.2250 mm, 25.5000 mm): Track [+3V3] on F.Cu, length 2.1000 mm
    @(86.5001 mm, 28.6900 mm): PTH pad 1 [+3V3] of J6
[unconnected_items]: Missing connection between items
    Local override; error
    @(0.5000 mm, 0.5000 mm): Zone 'GND' [GND] on F.Cu, priority 0
    @(0.5000 mm, 0.5000 mm): Zone 'GND' [GND] on F.Cu, priority 0
[unconnected_items]: Missing connection between items
    Local override; error
    @(0.5000 mm, 0.5000 mm): Zone 'GND' [GND] on F.Cu, priority 0
    @(0.5000 mm, 0.5000 mm): Zone 'GND' [GND] on F.Cu, priority 0
[unconnected_items]: Missing connection between items
    Local override; error
    @(0.5000 mm, 0.5000 mm): Zone 'GND' [GND] on F.Cu, priority 0
    @(0.5000 mm, 0.5000 mm): Zone 'GND' [GND] on F.Cu, priority 0
[unconnected_items]: Missing connection between items
    Local override; error
    @(71.0752 mm, 47.0226 mm): Pad 2 [GND] of U2 on F.Cu
    @(72.3752 mm, 40.9774 mm): Pad 21 [GND] of U2 on F.Cu
[unconnected_items]: Missing connection between items
    Local override; error
    @(74.5000 mm, 13.1491 mm): Pad 2 [GND] of U5 on F.Cu
    @(0.5000 mm, 0.5000 mm): Zone 'GND' [GND] on F.Cu, priority 0
[unconnected_items]: Missing connection between items
    Local override; error
    @(0.5000 mm, 0.5000 mm): Zone 'GND' [GND] on F.Cu, priority 0
    @(0.5000 mm, 0.5000 mm): Zone 'GND' [GND] on F.Cu, priority 0
[unconnected_items]: Missing connection between items
    Local override; error
    @(21.0000 mm, 28.7534 mm): Track [+5V] on F.Cu, length 1.5000 mm
    @(17.0000 mm, 25.5926 mm): Track [+5V] on F.Cu, length 1.5000 mm
[unconnected_items]: Missing connection between items
    Local override; error
    @(25.0806 mm, 50.2377 mm): Track [+5V] on F.Cu, length 1.0120 mm
    @(33.1552 mm, 52.2896 mm): Track [+5V] on In2.Cu, length 2.8302 mm
[unconnected_items]: Missing connection between items
    Local override; error
    @(29.2250 mm, 38.5000 mm): Track [+5V] on F.Cu, length 1.5000 mm
    @(24.3650 mm, 47.7051 mm): Pad 2 [+5V] of U3 on F.Cu
[unconnected_items]: Missing connection between items
    Local override; error
    @(33.1552 mm, 52.2896 mm): Track [+5V] on In2.Cu, length 2.8302 mm
    @(32.8649 mm, 60.5000 mm): Track [+5V] on F.Cu, length 1.5000 mm

** Found 0 Footprint errors **

** Ignored checks **
    - Footprint has no courtyard defined
    - Track endpoint not centered on via
    - Tuning profile track geometries
    - Footprint doesn't match symbol's footprint filters
    - Footprint component type doesn't match footprint pads

** End of Report **
