** Drc report for flowio-p1.kicad_pcb **
** Created on 2026-10-05T02:56:54 **
** Report includes: Errors, Warnings, Exclusions **

** Found 127 DRC violations **
[track_dangling]: Track has unconnected end
    Local override; warning
    @(0.7000 mm, 25.5000 mm): Track [+5V] on F.Cu, length 3.8000 mm
[via_dangling]: Via is not connected or connected on only one layer
    Local override; warning
    @(77.8182 mm, 19.3713 mm): Via [+3V3] on F.Cu - B.Cu
[via_dangling]: Via is not connected or connected on only one layer
    Local override; warning
    @(32.0000 mm, 55.8000 mm): Via [+3V3] on F.Cu - B.Cu
[track_dangling]: Track has unconnected end
    Local override; warning
    @(62.5593 mm, 30.8111 mm): Track [S1_SDA] on In1.Cu, length 0.2597 mm
[track_dangling]: Track has unconnected end
    Local override; warning
    @(62.0500 mm, 33.3000 mm): Track [S1_SDA] on In1.Cu, length 0.3059 mm
[track_dangling]: Track has unconnected end
    Local override; warning
    @(45.4933 mm, 22.1772 mm): Track [I2C_SDA] on F.Cu, length 0.0922 mm
[track_dangling]: Track has unconnected end
    Local override; warning
    @(46.6780 mm, 32.5000 mm): Track [I2C_SDA] on F.Cu, length 0.5780 mm
[track_dangling]: Track has unconnected end
    Local override; warning
    @(48.9000 mm, 23.5000 mm): Track [I2C_SDA] on F.Cu, length 1.0000 mm
[track_dangling]: Track has unconnected end
    Local override; warning
    @(48.9000 mm, 23.8000 mm): Track [I2C_SDA] on F.Cu, length 5.4000 mm
[track_dangling]: Track has unconnected end
    Local override; warning
    @(25.6350 mm, 44.9144 mm): Track [COMP] on F.Cu, length 0.2240 mm
[track_dangling]: Track has unconnected end
    Local override; warning
    @(18.9672 mm, 48.0744 mm): Track [COMP_RC] on F.Cu, length 1.8231 mm
[track_dangling]: Track has unconnected end
    Local override; warning
    @(20.7903 mm, 53.7433 mm): Track [COMP_RC] on In1.Cu, length 5.6689 mm
[track_dangling]: Track has unconnected end
    Local override; warning
    @(50.5000 mm, 30.7490 mm): Track [LED_USER] on F.Cu, length 3.8807 mm
[track_dangling]: Track has unconnected end
    Local override; warning
    @(50.5000 mm, 30.7490 mm): Track [LED_USER] on F.Cu, length 3.9584 mm
[track_dangling]: Track has unconnected end
    Local override; warning
    @(45.3000 mm, 28.9000 mm): Track [LED_USER] on F.Cu, length 1.4000 mm
[via_dangling]: Via is not connected or connected on only one layer
    Local override; warning
    @(45.9000 mm, 26.9000 mm): Via [LED_USER] on F.Cu - B.Cu
[track_dangling]: Track has unconnected end
    Local override; warning
    @(49.6000 mm, 28.5500 mm): Track [LED_USER] on B.Cu, length 1.5500 mm
[track_dangling]: Track has unconnected end
    Local override; warning
    @(49.0000 mm, 29.2000 mm): Track [LED_USER] on B.Cu, length 1.1511 mm
[via_dangling]: Via is not connected or connected on only one layer
    Local override; warning
    @(30.7730 mm, 40.6000 mm): Via [IO21] on F.Cu - B.Cu
[via_dangling]: Via is not connected or connected on only one layer
    Local override; warning
    @(79.5000 mm, 2.3000 mm): Via [IO21] on F.Cu - B.Cu
[via_dangling]: Via is not connected or connected on only one layer
    Local override; warning
    @(30.7730 mm, 19.5000 mm): Via [IO21] on F.Cu - B.Cu
[via_dangling]: Via is not connected or connected on only one layer
    Local override; warning
    @(85.6000 mm, 2.3000 mm): Via [IO21] on F.Cu - B.Cu
[track_dangling]: Track has unconnected end
    Local override; warning
    @(83.2000 mm, 50.0000 mm): Track [IO21] on B.Cu, length 3.0000 mm
[track_dangling]: Track has unconnected end
    Local override; warning
    @(83.2000 mm, 50.0000 mm): Track [IO21] on B.Cu, length 4.5000 mm
[track_dangling]: Track has unconnected end
    Local override; warning
    @(80.0000 mm, 30.8000 mm): Track [IO21] on B.Cu, length 1.6000 mm
[track_dangling]: Track has unconnected end
    Local override; warning
    @(83.2000 mm, 50.0000 mm): Track [IO21] on B.Cu, length 2.2000 mm
[track_dangling]: Track has unconnected end
    Local override; warning
    @(83.2000 mm, 50.0000 mm): Track [IO21] on B.Cu, length 4.1000 mm
[track_dangling]: Track has unconnected end
    Local override; warning
    @(83.2000 mm, 71.8000 mm): Track [IO21] on B.Cu, length 12.3000 mm
[track_dangling]: Track has unconnected end
    Local override; warning
    @(83.2000 mm, 50.0000 mm): Track [IO21] on B.Cu, length 0.7000 mm
[track_dangling]: Track has unconnected end
    Local override; warning
    @(83.2000 mm, 50.0000 mm): Track [IO21] on B.Cu, length 1.8000 mm
[track_dangling]: Track has unconnected end
    Local override; warning
    @(63.3000 mm, 63.2000 mm): Track [IO21] on In1.Cu, length 0.6000 mm
[track_dangling]: Track has unconnected end
    Local override; warning
    @(26.7000 mm, 27.0500 mm): Track [IO21] on In1.Cu, length 4.0730 mm
[track_dangling]: Track has unconnected end
    Local override; warning
    @(63.0500 mm, 52.5000 mm): Track [IO21] on In1.Cu, length 5.1179 mm
[track_dangling]: Track has unconnected end
    Local override; warning
    @(80.0000 mm, 38.5000 mm): Track [IO21] on In1.Cu, length 1.0000 mm
[track_dangling]: Track has unconnected end
    Local override; warning
    @(30.7730 mm, 19.5000 mm): Track [IO21] on In1.Cu, length 4.3230 mm
[track_dangling]: Track has unconnected end
    Local override; warning
    @(45.6000 mm, 40.8500 mm): Track [IO21] on In1.Cu, length 11.8500 mm
[track_dangling]: Track has unconnected end
    Local override; warning
    @(42.3000 mm, 11.0000 mm): Track [IO21] on In1.Cu, length 0.4000 mm
[track_dangling]: Track has unconnected end
    Local override; warning
    @(46.2000 mm, 57.2000 mm): Track [IO21] on In1.Cu, length 1.8500 mm
[track_dangling]: Track has unconnected end
    Local override; warning
    @(79.5000 mm, 35.0000 mm): Track [IO21] on In1.Cu, length 4.9000 mm
[track_dangling]: Track has unconnected end
    Local override; warning
    @(37.8682 mm, 50.8103 mm): Track [IO21] on In1.Cu, length 2.9669 mm
[track_dangling]: Track has unconnected end
    Local override; warning
    @(30.7730 mm, 21.0000 mm): Track [IO21] on In1.Cu, length 0.6730 mm
[track_dangling]: Track has unconnected end
    Local override; warning
    @(80.0000 mm, 34.5000 mm): Track [IO21] on In1.Cu, length 1.1000 mm
[track_dangling]: Track has unconnected end
    Local override; warning
    @(75.5000 mm, 54.8000 mm): Track [IO21] on In1.Cu, length 6.5000 mm
[track_dangling]: Track has unconnected end
    Local override; warning
    @(80.0000 mm, 34.5000 mm): Track [IO21] on In1.Cu, length 2.6000 mm
[track_dangling]: Track has unconnected end
    Local override; warning
    @(47.3000 mm, 43.6000 mm): Track [IO21] on In1.Cu, length 11.0500 mm
[track_dangling]: Track has unconnected end
    Local override; warning
    @(80.0000 mm, 34.5000 mm): Track [IO21] on In1.Cu, length 0.6000 mm
[track_dangling]: Track has unconnected end
    Local override; warning
    @(30.7730 mm, 19.5000 mm): Track [IO21] on In1.Cu, length 4.8730 mm
[track_dangling]: Track has unconnected end
    Local override; warning
    @(46.2000 mm, 40.8500 mm): Track [IO21] on In1.Cu, length 11.8500 mm
[track_dangling]: Track has unconnected end
    Local override; warning
    @(63.0000 mm, 43.6000 mm): Track [IO21] on In1.Cu, length 0.2062 mm
[track_dangling]: Track has unconnected end
    Local override; warning
    @(80.0000 mm, 34.5000 mm): Track [IO21] on In1.Cu, length 3.7000 mm
[track_dangling]: Track has unconnected end
    Local override; warning
    @(78.9000 mm, 42.0000 mm): Track [IO21] on In1.Cu, length 1.1000 mm
[track_dangling]: Track has unconnected end
    Local override; warning
    @(46.2000 mm, 40.8500 mm): Track [IO21] on In1.Cu, length 16.6500 mm
[track_dangling]: Track has unconnected end
    Local override; warning
    @(80.0000 mm, 34.5000 mm): Track [IO21] on In1.Cu, length 1.5000 mm
[track_dangling]: Track has unconnected end
    Local override; warning
    @(46.2000 mm, 40.8500 mm): Track [IO21] on In1.Cu, length 11.6500 mm
[track_dangling]: Track has unconnected end
    Local override; warning
    @(29.9050 mm, 27.9910 mm): Track [BTN_USER] on F.Cu, length 0.0231 mm
[track_dangling]: Track has unconnected end
    Local override; warning
    @(24.1001 mm, 26.8418 mm): Track [I2C_SCL] on F.Cu, length 0.7709 mm
[track_dangling]: Track has unconnected end
    Local override; warning
    @(49.2817 mm, 22.6949 mm): Track [I2C_SCL] on F.Cu, length 0.3659 mm
[track_dangling]: Track has unconnected end
    Local override; warning
    @(49.5404 mm, 22.9536 mm): Track [I2C_SCL] on In1.Cu, length 0.6238 mm
[track_dangling]: Track has unconnected end
    Local override; warning
    @(83.8924 mm, 58.4839 mm): Track [GATE_PUMP] on F.Cu, length 2.2004 mm
[track_dangling]: Track has unconnected end
    Local override; warning
    @(83.3126 mm, 57.9041 mm): Track [GATE_PUMP] on In1.Cu, length 0.8200 mm
[track_dangling]: Track has unconnected end
    Local override; warning
    @(33.7917 mm, 22.1788 mm): Track [BOOT] on In1.Cu, length 0.1481 mm
[track_dangling]: Track has unconnected end
    Local override; warning
    @(21.7047 mm, 30.1202 mm): Track [BOOT] on In1.Cu, length 1.6228 mm
[silk_edge_clearance]: Silkscreen clipped by board edge
    Local override; warning
    @(100.0000 mm, 0.0000 mm): Segment on Edge.Cuts
    @(88.2501 mm, 71.6503 mm): Segment of J5 on F.Silkscreen
[silk_edge_clearance]: Silkscreen clipped by board edge
    Local override; warning
    @(100.0000 mm, 0.0000 mm): Segment on Edge.Cuts
    @(88.9121 mm, 76.5399 mm): Segment of J5 on F.Silkscreen
[silk_edge_clearance]: Silkscreen clipped by board edge
    Local override; warning
    @(100.0000 mm, 0.0000 mm): Segment on Edge.Cuts
    @(100.0881 mm, 72.2219 mm): Segment of J5 on F.Silkscreen
[silk_edge_clearance]: Silkscreen clipped by board edge
    Local override; warning
    @(100.0000 mm, 0.0000 mm): Segment on Edge.Cuts
    @(100.0881 mm, 72.9672 mm): Segment of J5 on F.Silkscreen
[silk_edge_clearance]: Silkscreen clipped by board edge
    Local override; warning
    @(100.0000 mm, 0.0000 mm): Segment on Edge.Cuts
    @(100.0881 mm, 76.5399 mm): Segment of J5 on F.Silkscreen
[silk_edge_clearance]: Silkscreen clipped by board edge
    Local override; warning
    @(100.0000 mm, 0.0000 mm): Segment on Edge.Cuts
    @(100.7480 mm, 73.8422 mm): Segment of J5 on F.Silkscreen
[silk_edge_clearance]: Silkscreen clipped by board edge
    Local override; warning
    @(100.0000 mm, 0.0000 mm): Segment on Edge.Cuts
    @(100.7500 mm, 77.3501 mm): Segment of J5 on F.Silkscreen
[silk_edge_clearance]: Silkscreen clipped by board edge
    Local override; warning
    @(0.0000 mm, 80.0000 mm): Segment on Edge.Cuts
    @(-0.2600 mm, 38.5000 mm): Reference field of J8
[silk_edge_clearance]: Silkscreen clipped by board edge
    Local override; warning
    @(0.0000 mm, 80.0000 mm): Segment on Edge.Cuts
    @(-0.5000 mm, 19.0000 mm): Reference field of J1
[silk_edge_clearance]: Silkscreen clipped by board edge
    Local override; warning
    @(0.0000 mm, 80.0000 mm): Segment on Edge.Cuts
    @(-0.2600 mm, 52.0000 mm): Reference field of J6
[silk_edge_clearance]: Silkscreen clipped by board edge
    Local override; warning
    @(0.0000 mm, 0.0000 mm): Segment on Edge.Cuts
    @(19.0000 mm, -0.0450 mm): Segment of U1 on F.Silkscreen
[silk_edge_clearance]: Silkscreen clipped by board edge
    Local override; warning
    @(0.0000 mm, 0.0000 mm): Segment on Edge.Cuts
    @(37.0000 mm, -0.0450 mm): Segment of U1 on F.Silkscreen
[silk_edge_clearance]: Silkscreen clipped by board edge
    Local override; warning
    @(0.0000 mm, 0.0000 mm): Segment on Edge.Cuts
    @(37.0170 mm, 6.7739 mm): Segment of U1 on F.Silkscreen
[holes_co_located]: Drilled holes co-located
    Local override; warning
    @(54.2900 mm, 3.9999 mm): Via [UART_TX] on F.Cu - B.Cu
    @(54.2900 mm, 3.9999 mm): PTH pad 1 [UART_TX] of J18
[holes_co_located]: Drilled holes co-located
    Local override; warning
    @(54.2900 mm, 3.9999 mm): Via [UART_TX] on F.Cu - B.Cu
    @(54.2900 mm, 3.9999 mm): PTH pad 1 [UART_TX] of J18
[lib_footprint_issues]: 当前配置中不包含封装库 'LOCAL'
    Local override; warning
    @(44.0000 mm, 22.0000 mm): Footprint U6
[silk_over_copper]: Silkscreen clipped by solder mask
    Local override; warning
    @(57.4000 mm, 62.6500 mm): Reference field of Q8
    @(56.9000 mm, 61.7534 mm): Pad 1 [IO11] of R44 on F.Cu
[silk_over_copper]: Silkscreen clipped by solder mask
    Local override; warning
    @(79.4000 mm, 62.6500 mm): Reference field of Q10
    @(78.9000 mm, 61.7534 mm): Pad 1 [IO21] of R46 on F.Cu
[silk_over_copper]: Silkscreen clipped by solder mask
    Local override; warning
    @(84.9000 mm, 69.1800 mm): Reference field of D11
    @(86.6302 mm, 70.3001 mm): Pad 3 [<no net>] of J17 on F.Cu
[silk_over_copper]: Silkscreen clipped by solder mask
    Local override; warning
    @(82.0000 mm, 61.5520 mm): Reference field of TP5
    @(80.7250 mm, 60.5000 mm): Pad 1 [+5V] of C16 on F.Cu
[silk_over_copper]: Silkscreen clipped by solder mask
    Local override; warning
    @(82.0000 mm, 61.5520 mm): Reference field of TP5
    @(82.2750 mm, 60.5000 mm): Pad 2 [GND] of C16 on F.Cu
[silk_over_copper]: Silkscreen clipped by solder mask
    Local override; warning
    @(46.4000 mm, 62.6500 mm): Reference field of Q7
    @(45.9000 mm, 61.7534 mm): Pad 1 [IO10] of R43 on F.Cu
[silk_over_copper]: Silkscreen clipped by solder mask
    Local override; warning
    @(35.4000 mm, 62.6500 mm): Reference field of Q6
    @(34.9000 mm, 61.7534 mm): Pad 1 [IO7] of R42 on F.Cu
[silk_over_copper]: Silkscreen clipped by solder mask
    Local override; warning
    @(73.9000 mm, 69.1800 mm): Reference field of D10
    @(75.6302 mm, 70.3001 mm): Pad 3 [<no net>] of J16 on F.Cu
[silk_over_copper]: Silkscreen clipped by solder mask
    Local override; warning
    @(68.4000 mm, 62.6500 mm): Reference field of Q9
    @(67.9000 mm, 61.7534 mm): Pad 1 [IO12] of R45 on F.Cu
[silk_over_copper]: Silkscreen clipped by solder mask
    Local override; warning
    @(86.0000 mm, 52.6500 mm): Reference field of Q16
    @(86.5000 mm, 52.2534 mm): Pad 1 [GATE_PUMP] of R62 on F.Cu
[silk_over_copper]: Silkscreen clipped by solder mask
    Local override; warning
    @(40.2000 mm, 16.7000 mm): Rectangle of U6 on F.Silkscreen
    @(47.9800 mm, 25.8100 mm): Pad 5 [<no net>] of U6 on F.Cu
[silk_over_copper]: Silkscreen clipped by solder mask
    Local override; warning
    @(40.2000 mm, 16.7000 mm): Rectangle of U6 on F.Silkscreen
    @(47.9800 mm, 23.2700 mm): Pad 6 [I2C_SDA] of U6 on F.Cu
[silk_over_copper]: Silkscreen clipped by solder mask
    Local override; warning
    @(40.2000 mm, 16.7000 mm): Rectangle of U6 on F.Silkscreen
    @(47.9800 mm, 20.7300 mm): Pad 7 [I2C_SCL] of U6 on F.Cu
[silk_over_copper]: Silkscreen clipped by solder mask
    Local override; warning
    @(40.2000 mm, 16.7000 mm): Rectangle of U6 on F.Silkscreen
    @(47.9800 mm, 18.1900 mm): Pad 8 [GND] of U6 on F.Cu
[silk_over_copper]: Silkscreen clipped by solder mask
    Local override; warning
    @(40.2000 mm, 16.7000 mm): Rectangle of U6 on F.Silkscreen
    @(40.0200 mm, 25.8100 mm): Pad 4 [<no net>] of U6 on F.Cu
[silk_over_copper]: Silkscreen clipped by solder mask
    Local override; warning
    @(40.2000 mm, 16.7000 mm): Rectangle of U6 on F.Silkscreen
    @(40.0200 mm, 18.1900 mm): Pad 1 [<no net>] of U6 on F.Cu
[silk_over_copper]: Silkscreen clipped by solder mask
    Local override; warning
    @(40.2000 mm, 16.7000 mm): Rectangle of U6 on F.Silkscreen
    @(40.0200 mm, 20.7300 mm): Pad 2 [+3V3] of U6 on F.Cu
[silk_over_copper]: Silkscreen clipped by solder mask
    Local override; warning
    @(40.2000 mm, 16.7000 mm): Rectangle of U6 on F.Silkscreen
    @(40.0200 mm, 23.2700 mm): Pad 3 [<no net>] of U6 on F.Cu
[silk_over_copper]: Silkscreen clipped by solder mask
    Local override; warning
    @(41.0000 mm, 17.4000 mm): Circle of U6 on F.Silkscreen
    @(40.0200 mm, 18.1900 mm): Pad 1 [<no net>] of U6 on F.Cu
[silk_over_copper]: Silkscreen clipped by solder mask
    Local override; warning
    @(74.5000 mm, 16.2500 mm): Reference field of U4
    @(73.5500 mm, 15.1491 mm): Pad 1 [USB_DP] of U5 on F.Cu
[silk_over_copper]: Silkscreen clipped by solder mask
    Local override; warning
    @(74.5000 mm, 16.2500 mm): Reference field of U4
    @(74.5000 mm, 15.1491 mm): Pad 2 [GND] of U5 on F.Cu
[silk_over_copper]: Silkscreen clipped by solder mask
    Local override; warning
    @(86.0000 mm, 41.6500 mm): Reference field of Q15
    @(86.5000 mm, 41.2534 mm): Pad 1 [GATE_F] of R61 on F.Cu
[silk_over_copper]: Silkscreen clipped by solder mask
    Local override; warning
    @(68.6200 mm, 34.0000 mm): Reference field of Q12
    @(68.0034 mm, 34.7995 mm): Pad 1 [+3V3] of LED4 on F.Cu
[silk_over_copper]: Silkscreen clipped by solder mask
    Local override; warning
    @(68.6200 mm, 34.0000 mm): Reference field of Q12
    @(67.9966 mm, 33.2005 mm): Pad 2 [LED_TX_K] of LED4 on F.Cu
[silk_over_copper]: Silkscreen clipped by solder mask
    Local override; warning
    @(77.5100 mm, 40.5000 mm): Reference field of R57
    @(77.0748 mm, 40.9774 mm): Pad 13 [S5_SDA] of U2 on F.Cu
[silk_over_copper]: Silkscreen clipped by solder mask
    Local override; warning
    @(77.5100 mm, 51.5000 mm): Reference field of R58
    @(77.7750 mm, 51.5000 mm): Pad 2 [GND] of C11 on F.Cu
[silk_over_copper]: Silkscreen clipped by solder mask
    Local override; warning
    @(30.0000 mm, 30.5800 mm): Reference field of C1
    @(29.2534 mm, 31.0000 mm): Pad 2 [STRAP3] of R14 on F.Cu
[silk_over_copper]: Silkscreen clipped by solder mask
    Local override; warning
    @(25.0000 mm, 39.5700 mm): Reference field of U3
    @(26.1999 mm, 38.5000 mm): Pad 2 [USB_VBUS] of D2 on F.Cu
[silk_over_copper]: Silkscreen clipped by solder mask
    Local override; warning
    @(3.0000 mm, 23.8500 mm): Reference field of HB
    @(2.6694 mm, 23.3250 mm): PTH pad 4 [GND] of J1
[silk_over_copper]: Silkscreen clipped by solder mask
    Local override; warning
    @(24.4000 mm, 62.6500 mm): Reference field of Q5
    @(23.9000 mm, 61.7534 mm): Pad 1 [IO6] of R41 on F.Cu
[silk_over_copper]: Silkscreen clipped by solder mask
    Local override; warning
    @(13.4000 mm, 62.6500 mm): Reference field of Q4
    @(12.9000 mm, 61.7534 mm): Pad 1 [IO5] of R40 on F.Cu
[silk_over_copper]: Silkscreen clipped by solder mask
    Local override; warning
    @(46.0100 mm, 35.0000 mm): Reference field of R24
    @(45.5000 mm, 33.7466 mm): Pad 2 [BTN_USER] of R27 on F.Cu
[silk_over_copper]: Silkscreen clipped by solder mask
    Local override; warning
    @(46.0100 mm, 35.0000 mm): Reference field of R24
    @(45.5000 mm, 35.2534 mm): Pad 1 [+3V3] of R27 on F.Cu
[silk_over_copper]: Silkscreen clipped by solder mask
    Local override; warning
    @(43.5000 mm, 30.0520 mm): Reference field of TP7
    @(42.7750 mm, 29.0000 mm): Pad 2 [GND] of C18 on F.Cu
[silk_over_copper]: Silkscreen clipped by solder mask
    Local override; warning
    @(2.4000 mm, 62.6500 mm): Reference field of Q3
    @(1.9000 mm, 61.7534 mm): Pad 1 [IO4] of R39 on F.Cu
[silk_over_copper]: Silkscreen clipped by solder mask
    Local override; warning
    @(47.9200 mm, 30.0000 mm): Reference field of LED3
    @(47.0000 mm, 31.5000 mm): Pad 1 [I2C_SCL] of TP8 on F.Cu
[silk_over_copper]: Silkscreen clipped by solder mask
    Local override; warning
    @(53.0800 mm, 47.5000 mm): Reference field of C8
    @(52.5000 mm, 47.7534 mm): Pad 1 [FB] of R5 on F.Cu
[silk_over_copper]: Silkscreen clipped by solder mask
    Local override; warning
    @(53.0800 mm, 47.5000 mm): Reference field of C8
    @(52.5000 mm, 46.2466 mm): Pad 2 [GND] of R5 on F.Cu
[silk_over_copper]: Silkscreen clipped by solder mask
    Local override; warning
    @(53.0800 mm, 40.5000 mm): Reference field of C7
    @(52.5000 mm, 41.2466 mm): Pad 2 [FB] of R4 on F.Cu
[silk_over_copper]: Silkscreen clipped by solder mask
    Local override; warning
    @(48.0000 mm, 47.6200 mm): Reference field of SW3
    @(48.5000 mm, 47.5000 mm): Pad 1 [GND] of TP6 on F.Cu
[silk_over_copper]: Silkscreen clipped by solder mask
    Local override; warning
    @(84.0100 mm, 18.5000 mm): Reference field of R59
    @(83.0000 mm, 19.7534 mm): Pad 1 [CC2] of R2 on F.Cu
[silk_over_copper]: Silkscreen clipped by solder mask
    Local override; warning
    @(84.0100 mm, 18.5000 mm): Reference field of R59
    @(83.0000 mm, 18.2466 mm): Pad 2 [GND] of R2 on F.Cu
[silk_over_copper]: Silkscreen clipped by solder mask
    Local override; warning
    @(86.0000 mm, 19.6500 mm): Reference field of Q13
    @(86.5000 mm, 19.2534 mm): Pad 1 [GATE_S] of R59 on F.Cu
[silk_over_copper]: Silkscreen clipped by solder mask
    Local override; warning
    @(80.5100 mm, 19.0000 mm): Reference field of R2
    @(80.0000 mm, 17.7466 mm): Pad 2 [GATE_S] of R55 on F.Cu
[silk_over_copper]: Silkscreen clipped by solder mask
    Local override; warning
    @(80.5100 mm, 19.0000 mm): Reference field of R2
    @(80.0000 mm, 19.2534 mm): Pad 1 [IO15] of R55 on F.Cu
[silk_over_copper]: Silkscreen clipped by solder mask
    Local override; warning
    @(77.5100 mm, 29.5000 mm): Reference field of R56
    @(76.5000 mm, 30.7534 mm): Pad 1 [CH_TX] of R10 on F.Cu
[silk_over_copper]: Silkscreen clipped by solder mask
    Local override; warning
    @(77.5100 mm, 29.5000 mm): Reference field of R56
    @(76.5000 mm, 29.2466 mm): Pad 2 [UART_RX] of R10 on F.Cu
[silk_over_copper]: Silkscreen clipped by solder mask
    Local override; warning
    @(81.0000 mm, 26.1800 mm): Reference field of D12
    @(80.2750 mm, 27.0000 mm): Pad 2 [GND] of C12 on F.Cu
[silk_over_copper]: Silkscreen clipped by solder mask
    Local override; warning
    @(86.0000 mm, 30.6500 mm): Reference field of Q14
    @(86.5000 mm, 30.2534 mm): Pad 1 [GATE_V] of R60 on F.Cu

** Found 0 unconnected pads **

** Found 0 Footprint errors **

** Ignored checks **
    - Footprint has no courtyard defined
    - Track endpoint not centered on via
    - Tuning profile track geometries
    - Footprint doesn't match symbol's footprint filters
    - Footprint component type doesn't match footprint pads

** End of Report **
